[caketheme.com/html/mojuri/index.html]
[backblue.gif]
[fade.gif]
[index.html]
[caketheme.com/html/mojuri/media/favicon.png]
[caketheme.com/html/mojuri/libs/bootstrap/css/bootstrap.min.css]
[caketheme.com/html/mojuri/libs/feather-font/css/iconfont.css]
[caketheme.com/html/mojuri/libs/icomoon-font/css/icomoon.css]
[caketheme.com/html/mojuri/libs/font-awesome/css/font-awesome.css]
[caketheme.com/html/mojuri/libs/wpbingofont/css/wpbingofont.css]
[caketheme.com/html/mojuri/libs/elegant-icons/css/elegant.css]
[caketheme.com/html/mojuri/libs/slick/css/slick.css]
[caketheme.com/html/mojuri/libs/slick/css/slick-theme.css]
[caketheme.com/html/mojuri/libs/mmenu/css/mmenu.min.css]
[caketheme.com/html/mojuri/assets/css/app.css]
[caketheme.com/html/mojuri/assets/css/responsive.css]
[caketheme.com/html/mojuri/index-2.html]
[caketheme.com/html/mojuri/media/logo-white.png]
[caketheme.com/html/mojuri/shop-grid-left.html]
[caketheme.com/html/mojuri/shop-details.html]
[caketheme.com/html/mojuri/media/product/3.jpg]
[caketheme.com/html/mojuri/media/product/1.jpg]
[caketheme.com/html/mojuri/shop-cart.html]
[caketheme.com/html/mojuri/shop-checkout.html]
[caketheme.com/html/mojuri/page-my-account.html]
[caketheme.com/html/mojuri/shop-wishlist.html]
[caketheme.com/html/mojuri/index2.html]
[caketheme.com/html/mojuri/index3.html]
[caketheme.com/html/mojuri/index4.html]
[caketheme.com/html/mojuri/index5.html]
[caketheme.com/html/mojuri/index6.html]
[caketheme.com/html/mojuri/index7.html]
[caketheme.com/html/mojuri/index8.html]
[caketheme.com/html/mojuri/shop-list-left.html]
[caketheme.com/html/mojuri/shop-grid-right.html]
[caketheme.com/html/mojuri/shop-list-right.html]
[caketheme.com/html/mojuri/shop-grid-fullwidth.html]
[caketheme.com/html/mojuri/blog-grid-left.html]
[caketheme.com/html/mojuri/blog-grid-right.html]
[caketheme.com/html/mojuri/blog-list-left.html]
[caketheme.com/html/mojuri/blog-list-right.html]
[caketheme.com/html/mojuri/blog-grid-fullwidth.html]
[caketheme.com/html/mojuri/blog-details-left.html]
[caketheme.com/html/mojuri/blog-details-right.html]
[caketheme.com/html/mojuri/blog-details-fullwidth.html]
[caketheme.com/html/mojuri/media/blog/1.jpg]
[caketheme.com/html/mojuri/media/blog/2.jpg]
[caketheme.com/html/mojuri/media/blog/3.jpg]
[caketheme.com/html/mojuri/page-login.html]
[caketheme.com/html/mojuri/page-forgot-password.html]
[caketheme.com/html/mojuri/page-about.html]
[caketheme.com/html/mojuri/page-contact.html]
[caketheme.com/html/mojuri/page-faq.html]
[caketheme.com/html/mojuri/page-404.html]
[caketheme.com/html/mojuri/media/slider/1-1.jpg]
[caketheme.com/html/mojuri/media/slider/1-2.jpg]
[caketheme.com/html/mojuri/media/slider/1-3.jpg]
[caketheme.com/html/mojuri/media/banner/banner-1-1.jpg]
[caketheme.com/html/mojuri/media/banner/banner-1-2.jpg]
[caketheme.com/html/mojuri/media/banner/banner-1-3.jpg]
[caketheme.com/html/mojuri/media/product/cat-1.jpg]
[caketheme.com/html/mojuri/media/product/cat-2.jpg]
[caketheme.com/html/mojuri/media/product/cat-3.jpg]
[caketheme.com/html/mojuri/media/product/cat-4.jpg]
[caketheme.com/html/mojuri/media/product/cat-5.jpg]
[caketheme.com/html/mojuri/media/banner/intro-1.jpg]
[caketheme.com/html/mojuri/media/product/1-2.jpg]
[caketheme.com/html/mojuri/media/product/2.jpg]
[caketheme.com/html/mojuri/media/product/2-2.jpg]
[caketheme.com/html/mojuri/media/product/3-2.jpg]
[caketheme.com/html/mojuri/media/product/4.jpg]
[caketheme.com/html/mojuri/media/product/4-2.jpg]
[caketheme.com/html/mojuri/media/product/13.jpg]
[caketheme.com/html/mojuri/media/product/13-2.jpg]
[caketheme.com/html/mojuri/media/banner/banner-1-4.jpg]
[caketheme.com/html/mojuri/media/banner/banner-1-5.jpg]
[caketheme.com/html/mojuri/media/testimonial/1.jpg]
[caketheme.com/html/mojuri/media/testimonial/2.jpg]
[caketheme.com/html/mojuri/media/testimonial/3.jpg]
[caketheme.com/html/mojuri/media/testimonial/4.jpg]
[caketheme.com/html/mojuri/media/brand/1.jpg]
[caketheme.com/html/mojuri/media/brand/2.jpg]
[caketheme.com/html/mojuri/media/brand/3.jpg]
[caketheme.com/html/mojuri/media/brand/4.jpg]
[caketheme.com/html/mojuri/media/brand/5.jpg]
[caketheme.com/html/mojuri/media/payments.png]
[caketheme.com/html/mojuri/media/banner/newsletter-popup.jpg]
[caketheme.com/html/mojuri/libs/popper/js/popper.min.js]
[caketheme.com/html/mojuri/libs/jquery/js/jquery.min.js]
[caketheme.com/html/mojuri/libs/bootstrap/js/bootstrap.min.js]
[caketheme.com/html/mojuri/libs/slick/js/slick.min.js]
[caketheme.com/html/mojuri/libs/mmenu/js/jquery.mmenu.all.min.js]
[caketheme.com/html/mojuri/index.html]
[caketheme.com/html/mojuri/libs/bootstrap/css/bootstrap.min.css]
[caketheme.com/html/mojuri/assets/js/app.js]
[caketheme.com/html/mojuri/libs/feather-font/fonts/feather144f.ttf]
[caketheme.com/html/mojuri/libs/feather-font/fonts/feather144f.woff]
[caketheme.com/html/mojuri/libs/feather-font/css/iconfont.css]
[caketheme.com/html/mojuri/libs/icomoon-font/fonts/icomoon6dbe.eot]
[caketheme.com/html/mojuri/libs/icomoon-font/fonts/icomoon6dbe.ttf]
[caketheme.com/html/mojuri/libs/icomoon-font/fonts/icomoon6dbe.woff]
[caketheme.com/html/mojuri/libs/icomoon-font/css/icomoon.css]
[caketheme.com/html/mojuri/libs/font-awesome/fonts/fontawesome-webfont3e6e.eot]
[caketheme.com/html/mojuri/libs/font-awesome/fonts/fontawesome-webfontd41d.eot]
[caketheme.com/html/mojuri/libs/font-awesome/fonts/fontawesome-webfont3e6e.woff2]
[caketheme.com/html/mojuri/libs/font-awesome/fonts/fontawesome-webfont3e6e.woff]
[caketheme.com/html/mojuri/libs/font-awesome/fonts/fontawesome-webfont3e6e.ttf]
[caketheme.com/html/mojuri/libs/font-awesome/css/font-awesome.css]
[caketheme.com/html/mojuri/libs/wpbingofont/fonts/wpbingo6dbe.eot]
[caketheme.com/html/mojuri/libs/wpbingofont/fonts/wpbingo6dbe.ttf]
[caketheme.com/html/mojuri/libs/wpbingofont/fonts/wpbingo6dbe.woff]
[caketheme.com/html/mojuri/libs/wpbingofont/css/wpbingofont.css]
[caketheme.com/html/mojuri/libs/elegant-icons/fonts/ElegantIcons.eot]
[caketheme.com/html/mojuri/libs/elegant-icons/fonts/ElegantIconsd41d.eot]
[caketheme.com/html/mojuri/libs/elegant-icons/fonts/ElegantIcons.woff]
[caketheme.com/html/mojuri/libs/elegant-icons/fonts/ElegantIcons.ttf]
[caketheme.com/html/mojuri/libs/elegant-icons/css/elegant.css]
[caketheme.com/html/mojuri/libs/slick/css/slick.css]
[caketheme.com/html/mojuri/libs/slick/ajax-loader.gif]
[caketheme.com/html/mojuri/libs/slick/fonts/slick.eot]
[caketheme.com/html/mojuri/libs/slick/fonts/slickd41d.eot]
[caketheme.com/html/mojuri/libs/slick/fonts/slick.woff]
[caketheme.com/html/mojuri/libs/slick/fonts/slick.ttf]
[caketheme.com/html/mojuri/libs/slick/css/slick-theme.css]
[caketheme.com/html/mojuri/libs/mmenu/css/mmenu.min.css]
[caketheme.com/html/mojuri/media/banner/bg-img-1.jpg]
[caketheme.com/html/mojuri/media/banner/bg-img-2.jpg]
[caketheme.com/html/mojuri/media/banner/bg-img-3.jpg]
[caketheme.com/html/mojuri/media/banner/bg-img-4.jpg]
[caketheme.com/html/mojuri/media/banner/bg-img-5.jpg]
[caketheme.com/html/mojuri/media/banner/bg-img-6.jpg]
[caketheme.com/html/mojuri/media/banner/bg-img-7.jpg]
[caketheme.com/html/mojuri/media/site-header.jpg]
[caketheme.com/html/mojuri/media/banner/parallax-bg-1.jpg]
[caketheme.com/html/mojuri/media/banner/parallax-bg-2.jpg]
[caketheme.com/html/mojuri/media/banner/parallax-bg-3.jpg]
[caketheme.com/html/mojuri/media/banner/parallax-bg-4.jpg]
[caketheme.com/html/mojuri/assets/css/app.css]
[caketheme.com/html/mojuri/assets/css/responsive.css]
[caketheme.com/html/mojuri/index-2.html]
[caketheme.com/html/mojuri/libs/slider/css/jslider.css]
[caketheme.com/html/mojuri/media/logo.png]
[caketheme.com/html/mojuri/media/product/5.jpg]
[caketheme.com/html/mojuri/media/product/5-2.jpg]
[caketheme.com/html/mojuri/media/product/6.jpg]
[caketheme.com/html/mojuri/media/product/6-2.jpg]
[caketheme.com/html/mojuri/media/product/7.jpg]
[caketheme.com/html/mojuri/media/product/7-2.jpg]
[caketheme.com/html/mojuri/media/product/8.jpg]
[caketheme.com/html/mojuri/media/product/8-2.jpg]
[caketheme.com/html/mojuri/media/product/9.jpg]
[caketheme.com/html/mojuri/media/product/9-2.jpg]
[caketheme.com/html/mojuri/libs/slider/js/tmpl.js]
[caketheme.com/html/mojuri/libs/slider/js/jquery.dependClass-0.1.js]
[caketheme.com/html/mojuri/libs/slider/js/draggable-0.1.js]
[caketheme.com/html/mojuri/shop-grid-left.html]
[caketheme.com/html/mojuri/libs/slider/js/jquery.slider.js]
[caketheme.com/html/mojuri/media/user.jpg]
[caketheme.com/html/mojuri/shop-details.html]
[caketheme.com/html/mojuri/shop-cart.html]
[caketheme.com/html/mojuri/libs/elevatezoom/js/jquery.elevatezoom.js]
[caketheme.com/html/mojuri/libs/select2/css/select2.min.css]
[caketheme.com/html/mojuri/shop-checkout.html]
[caketheme.com/html/mojuri/page-my-account.html]
[caketheme.com/html/mojuri/shop-wishlist.html]
[caketheme.com/html/mojuri/libs/select2/js/select2.min.js]
[caketheme.com/html/mojuri/media/slider/2-1.jpg]
[caketheme.com/html/mojuri/media/slider/2-2.jpg]
[caketheme.com/html/mojuri/media/slider/2-3.jpg]
[caketheme.com/html/mojuri/media/banner/intro-2.png]
[caketheme.com/html/mojuri/media/banner/banner-2-1.jpg]
[caketheme.com/html/mojuri/media/banner/banner-2-2.jpg]
[caketheme.com/html/mojuri/media/banner/banner-2-3.jpg]
[caketheme.com/html/mojuri/media/product/10.jpg]
[caketheme.com/html/mojuri/media/product/10-2.jpg]
[caketheme.com/html/mojuri/media/product/11.jpg]
[caketheme.com/html/mojuri/media/product/11-2.jpg]
[caketheme.com/html/mojuri/media/banner/intro-2.jpg]
[caketheme.com/html/mojuri/media/banner/instagram-1.jpg]
[caketheme.com/html/mojuri/media/banner/instagram-2.jpg]
[caketheme.com/html/mojuri/media/banner/instagram-3.jpg]
[caketheme.com/html/mojuri/media/banner/instagram-4.jpg]
[caketheme.com/html/mojuri/media/banner/instagram-5.jpg]
[caketheme.com/html/mojuri/media/banner/instagram-6.jpg]
[caketheme.com/html/mojuri/index2.html]
[caketheme.com/html/mojuri/media/slider/3-1.jpg]
[caketheme.com/html/mojuri/media/slider/3-2.jpg]
[caketheme.com/html/mojuri/media/slider/3-3.jpg]
[caketheme.com/html/mojuri/media/product/cat-3-1.jpg]
[caketheme.com/html/mojuri/media/product/cat-3-2.jpg]
[caketheme.com/html/mojuri/media/product/cat-3-3.jpg]
[caketheme.com/html/mojuri/media/product/cat-3-4.jpg]
[caketheme.com/html/mojuri/media/banner/lookbook-3-1.jpg]
[caketheme.com/html/mojuri/media/banner/lookbook-3-2.jpg]
[caketheme.com/html/mojuri/media/banner/intro-3.jpg]
[caketheme.com/html/mojuri/index3.html]
[caketheme.com/html/mojuri/media/slider/4-1.jpg]
[caketheme.com/html/mojuri/media/slider/4-2.jpg]
[caketheme.com/html/mojuri/media/slider/4-3.jpg]
[caketheme.com/html/mojuri/media/product/cat-4-1.jpg]
[caketheme.com/html/mojuri/media/product/cat-4-2.jpg]
[caketheme.com/html/mojuri/media/product/cat-4-3.jpg]
[caketheme.com/html/mojuri/media/product/cat-4-4.jpg]
[caketheme.com/html/mojuri/media/product/cat-4-5.jpg]
[caketheme.com/html/mojuri/media/banner/banner-4-1.jpg]
[caketheme.com/html/mojuri/media/banner/banner-4-2.jpg]
[caketheme.com/html/mojuri/media/product/14.jpg]
[caketheme.com/html/mojuri/media/product/14-2.jpg]
[caketheme.com/html/mojuri/media/product/15.jpg]
[caketheme.com/html/mojuri/media/product/15-2.jpg]
[caketheme.com/html/mojuri/media/product/16.jpg]
[caketheme.com/html/mojuri/media/product/16-2.jpg]
[caketheme.com/html/mojuri/media/banner/intro-4.jpg]
[caketheme.com/html/mojuri/media/blog/4.jpg]
[caketheme.com/html/mojuri/index4.html]
[caketheme.com/html/mojuri/index5.html]
[caketheme.com/html/mojuri/media/slider/6-1.jpg]
[caketheme.com/html/mojuri/media/slider/6-2.jpg]
[caketheme.com/html/mojuri/media/product/cat-6-1.jpg]
[caketheme.com/html/mojuri/media/product/cat-6-2.jpg]
[caketheme.com/html/mojuri/media/product/cat-6-3.jpg]
[caketheme.com/html/mojuri/media/product/cat-6-4.jpg]
[caketheme.com/html/mojuri/media/product/cat-6-5.jpg]
[caketheme.com/html/mojuri/media/product/cat-6-6.jpg]
[caketheme.com/html/mojuri/media/banner/banner-6-1.jpg]
[caketheme.com/html/mojuri/media/banner/banner-6-2.jpg]
[caketheme.com/html/mojuri/media/banner/banner-6-3.jpg]
[caketheme.com/html/mojuri/media/banner/lookbook-6-1.jpg]
[caketheme.com/html/mojuri/index6.html]
[caketheme.com/html/mojuri/media/banner/banner-7-1.jpg]
[caketheme.com/html/mojuri/media/banner/banner-7-2.jpg]
[caketheme.com/html/mojuri/media/banner/banner-7-3.jpg]
[caketheme.com/html/mojuri/media/banner/banner-7-4.jpg]
[caketheme.com/html/mojuri/media/banner/banner-7-5.jpg]
[caketheme.com/html/mojuri/media/banner/lookbook-7-1.jpg]
[caketheme.com/html/mojuri/index7.html]
[caketheme.com/html/mojuri/media/slider/8-1.jpg]
[caketheme.com/html/mojuri/media/slider/8-2.jpg]
[caketheme.com/html/mojuri/media/slider/8-3.jpg]
[caketheme.com/html/mojuri/media/product/cat-8-1.jpg]
[caketheme.com/html/mojuri/media/product/cat-8-2.jpg]
[caketheme.com/html/mojuri/media/product/cat-8-3.jpg]
[caketheme.com/html/mojuri/media/product/cat-8-4.jpg]
[caketheme.com/html/mojuri/media/product/cat-8-5.jpg]
[caketheme.com/html/mojuri/media/banner/intro-5.png]
[caketheme.com/html/mojuri/index8.html]
[caketheme.com/html/mojuri/shop-list-left.html]
[caketheme.com/html/mojuri/shop-grid-right.html]
[caketheme.com/html/mojuri/shop-list-right.html]
[caketheme.com/html/mojuri/shop-grid-fullwidth.html]
[caketheme.com/html/mojuri/media/blog/5.jpg]
[caketheme.com/html/mojuri/media/blog/6.jpg]
[caketheme.com/html/mojuri/media/blog/7.jpg]
[caketheme.com/html/mojuri/blog-grid-left.html]
[caketheme.com/html/mojuri/blog-grid-right.html]
[caketheme.com/html/mojuri/blog-list-left.html]
[caketheme.com/html/mojuri/blog-list-right.html]
[caketheme.com/html/mojuri/blog-grid-fullwidth.html]
[caketheme.com/html/mojuri/media/blog/details.jpg]
[caketheme.com/html/mojuri/blog-details-left.html]
[caketheme.com/html/mojuri/blog-details-right.html]
[caketheme.com/html/mojuri/blog-details-fullwidth.html]
[caketheme.com/html/mojuri/page-login.html]
[caketheme.com/html/mojuri/page-forgot-password.html]
[caketheme.com/html/mojuri/media/banner/banner-about-1.jpg]
[caketheme.com/html/mojuri/media/banner/banner-about-2.jpg]
[caketheme.com/html/mojuri/media/banner/banner-about-3.jpg]
[caketheme.com/html/mojuri/media/banner/intro-about-1.jpg]
[caketheme.com/html/mojuri/media/banner/intro-about-2.jpg]
[caketheme.com/html/mojuri/media/banner/intro-about-3.jpg]
[caketheme.com/html/mojuri/page-about.html]
[caketheme.com/html/mojuri/page-contact.html]
[caketheme.com/html/mojuri/page-faq.html]
[caketheme.com/html/mojuri/page-404.html]
[caketheme.com/html/mojuri/forgot-password.html]
[caketheme.com/html/mojuri/libs/feather-font/fonts/feather144f.svg]
[caketheme.com/html/mojuri/libs/icomoon-font/fonts/icomoon6dbe.svg]
[caketheme.com/html/mojuri/libs/font-awesome/fonts/fontawesome-webfont3e6e.html]
[caketheme.com/html/mojuri/libs/wpbingofont/fonts/wpbingo6dbe.svg]
[caketheme.com/html/mojuri/libs/elegant-icons/fonts/ElegantIcons.svg]
[caketheme.com/html/mojuri/libs/slick/fonts/slick.svg]
[caketheme.com/html/mojuri/assets/img/remove-dark.svg]
[caketheme.com/html/mojuri/assets/img/checkbox-dark.svg]
[caketheme.com/html/mojuri/libs/slider/css/jslider.css]
[caketheme.com/html/mojuri/libs/select2/css/select2.min.css]
